2026-08-17 02:45:02 [tick 251787062] | INIT known inbox files=0
2026-08-17 02:45:02 [tick 251787062] | START helper | inbox=C:\Users\alexa\obs\game anal notes\GameDesignCapture\_inbox
2026-08-17 02:45:13 [tick 251798156] | INIT known inbox files=0
2026-08-17 02:45:13 [tick 251798156] | START helper | inbox=C:\Users\alexa\obs\game anal notes\GameDesignCapture\_inbox
2026-08-17 02:46:01 [tick 251846187] | INIT known inbox files=0
2026-08-17 02:46:01 [tick 251846187] | START helper | inbox=C:\Users\alexa\obs\game anal notes\GameDesignCapture\_inbox
2026-08-17 02:46:16 [tick 251861796] | INIT known inbox files=0
2026-08-17 02:46:16 [tick 251861796] | START helper | inbox=C:\Users\alexa\obs\game anal notes\GameDesignCapture\_inbox
2026-08-17 03:24:11 [tick 254136531] | NEW inbox image | C:\Users\alexa\obs\game anal notes\GameDesignCapture\_inbox\2026-08\msedge_dzaWq3xST1.png
2026-08-17 03:24:11 [tick 254136546] | WAIT cannot read size | C:\Users\alexa\obs\game anal notes\GameDesignCapture\_inbox\2026-08\msedge_dzaWq3xST1.png
2026-08-17 04:10:45 [tick 256930000] | INIT known inbox files=0
2026-08-17 04:10:45 [tick 256930000] | START helper | inbox=C:\Users\alexa\obs\game anal notes\GameDesignCapture\_inbox
2026-08-17 04:10:45 [tick 256930062] | INTEGRITY WARNING | expected=15 actual=12 | Parser прочитал не все элементы. Запись заблокирована, чтобы не потерять данные.
2026-08-17 04:11:11 [tick 256956828] | NEW inbox image | C:\Users\alexa\obs\game anal notes\GameDesignCapture\_inbox\2026-08\explorer_FcS3NuKo8F.png
2026-08-17 04:18:33 [tick 257397968] | INIT known inbox files=0
2026-08-17 04:18:33 [tick 257397968] | START helper | inbox=C:\Users\alexa\obs\game anal notes\GameDesignCapture\_inbox
2026-08-17 04:18:33 [tick 257398031] | BACKUP OK | C:\Users\alexa\obs\game anal notes\GameDesignCapture\_backups\How many dudes\General\2026-08-17\04-18-33_tick-257398031_baseline_n017.md
2026-08-17 04:18:33 [tick 257398046] | INTEGRITY baseline created | count=17
2026-08-17 04:18:46 [tick 257411062] | NEW inbox image | C:\Users\alexa\obs\game anal notes\GameDesignCapture\_inbox\2026-08\AutoHotkey64_vcHTmeINjF.png
2026-08-17 04:18:46 [tick 257411062] | WAIT cannot read size | C:\Users\alexa\obs\game anal notes\GameDesignCapture\_inbox\2026-08\AutoHotkey64_vcHTmeINjF.png
2026-08-17 04:19:03 [tick 257428390] | NEW inbox image | C:\Users\alexa\obs\game anal notes\GameDesignCapture\_inbox\2026-08\explorer_YuQfDmBvFq.png
2026-08-17 04:19:14 [tick 257439453] | INIT known inbox files=0
2026-08-17 04:19:14 [tick 257439453] | START helper | inbox=C:\Users\alexa\obs\game anal notes\GameDesignCapture\_inbox
2026-08-17 04:19:14 [tick 257439546] | INTEGRITY WARNING | expected=17 actual=11 | Состояние Markdown не совпадает с последним успешно сохранённым состоянием.
2026-08-17 04:19:28 [tick 257453750] | BACKUP OK | C:\Users\alexa\obs\game anal notes\GameDesignCapture\_backups\How many dudes\General\2026-08-17\04-19-28_tick-257453750_before-manual-restore_n011.md
2026-08-17 04:19:36 [tick 257461062] | INIT known inbox files=0
2026-08-17 04:19:36 [tick 257461062] | START helper | inbox=C:\Users\alexa\obs\game anal notes\GameDesignCapture\_inbox
2026-08-17 04:19:40 [tick 257465328] | NEW inbox image | C:\Users\alexa\obs\game anal notes\GameDesignCapture\_inbox\2026-08\explorer_KUkyBquTRn.png
2026-08-17 04:19:40 [tick 257465328] | WAIT cannot read size | C:\Users\alexa\obs\game anal notes\GameDesignCapture\_inbox\2026-08\explorer_KUkyBquTRn.png
2026-08-17 04:19:51 [tick 257476828] | NEW inbox image | C:\Users\alexa\obs\game anal notes\GameDesignCapture\_inbox\2026-08\kAWmLl5gcP.png
2026-08-17 04:19:51 [tick 257476828] | WAIT cannot read size | C:\Users\alexa\obs\game anal notes\GameDesignCapture\_inbox\2026-08\kAWmLl5gcP.png
2026-08-18 10:21:07 [tick 365554312] | INIT known inbox files=0
2026-08-18 10:21:07 [tick 365554312] | START helper | version=0.1.1 | script=C:\gd-cap\src\gd-cap.ahk | inbox=C:\Users\alexa\obs\game anal notes\GameDesignCapture\_inbox
2026-08-18 10:21:07 [tick 365554421] | INTEGRITY WARNING | expected=17 actual=15 | Состояние Markdown не совпадает с последним успешно сохранённым состоянием.
2026-08-18 10:21:16 [tick 365562859] | BACKUP OK | C:\Users\alexa\obs\game anal notes\GameDesignCapture\_backups\How many dudes\General\2026-08-18\10-21-16_tick-365562859_before-accept-current_n015.md
2026-08-18 10:21:16 [tick 365562875] | NOTE READY | count=15 | C:\Users\alexa\obs\game anal notes\GameDesignCapture\Games\How many dudes\General.md
2026-08-18 10:44:32 [tick 366958687] | INIT known inbox files=0
2026-08-18 10:44:32 [tick 366958687] | START helper | version=0.1.1 | script=C:\gd-cap\src\gd-cap.ahk | inbox=C:\Users\alexa\obs\game anal notes\GameDesignCapture\_inbox
2026-08-18 10:44:32 [tick 366958765] | NOTE READY | count=15 | C:\Users\alexa\obs\game anal notes\GameDesignCapture\Games\How many dudes\General.md
2026-08-18 10:44:46 [tick 366973640] | BACKUP OK | C:\Users\alexa\obs\game anal notes\GameDesignCapture\_backups\How many dudes\General\2026-08-18\10-44-46_tick-366973625_before-insert_n015.md
2026-08-18 10:44:46 [tick 366973640] | SAFE SAVE OK | reason=insert | count=16 | backup=C:\Users\alexa\obs\game anal notes\GameDesignCapture\_backups\How many dudes\General\2026-08-18\10-44-46_tick-366973625_before-insert_n015.md
2026-08-18 10:45:38 [tick 367025140] | NEW inbox image | C:\Users\alexa\obs\game anal notes\GameDesignCapture\_inbox\2026-08\msedge_n001emmLDs.png
2026-08-18 10:45:39 [tick 367025890] | STABLE size=4064 | C:\Users\alexa\obs\game anal notes\GameDesignCapture\_inbox\2026-08\msedge_n001emmLDs.png
2026-08-18 10:45:39 [tick 367025890] | INGEST start | game=How many dudes | note=General.md | source=C:\Users\alexa\obs\game anal notes\GameDesignCapture\_inbox\2026-08\msedge_n001emmLDs.png
2026-08-18 10:45:39 [tick 367025906] | INGEST copied size=4064 | dest=C:\Users\alexa\obs\game anal notes\GameDesignCapture\Games\How many dudes\assets\msedge_n001emmLDs.png
2026-08-18 10:45:39 [tick 367025906] | BACKUP OK | C:\Users\alexa\obs\game anal notes\GameDesignCapture\_backups\How many dudes\General\2026-08-18\10-45-39_tick-367025906_before-insert_n016.md
2026-08-18 10:45:39 [tick 367025921] | SAFE SAVE OK | reason=insert | count=17 | backup=C:\Users\alexa\obs\game anal notes\GameDesignCapture\_backups\How many dudes\General\2026-08-18\10-45-39_tick-367025906_before-insert_n016.md
2026-08-18 10:45:39 [tick 367025953] | INGEST element added | GameDesignCapture/Games/How many dudes/assets/msedge_n001emmLDs.png
2026-08-18 10:45:39 [tick 367025984] | DONE auto ingest | C:\Users\alexa\obs\game anal notes\GameDesignCapture\_inbox\2026-08\msedge_n001emmLDs.png
2026-08-18 11:27:43 [tick 369550203] | NEW inbox image | C:\Users\alexa\obs\game anal notes\GameDesignCapture\_inbox\2026-08\msedge_k4GtVPTuIQ.png
2026-08-18 11:27:44 [tick 369550953] | STABLE size=31601 | C:\Users\alexa\obs\game anal notes\GameDesignCapture\_inbox\2026-08\msedge_k4GtVPTuIQ.png
2026-08-18 11:27:44 [tick 369550968] | INGEST start | game=How many dudes | note=General.md | source=C:\Users\alexa\obs\game anal notes\GameDesignCapture\_inbox\2026-08\msedge_k4GtVPTuIQ.png
2026-08-18 11:27:44 [tick 369550968] | INGEST copied size=31601 | dest=C:\Users\alexa\obs\game anal notes\GameDesignCapture\Games\How many dudes\assets\msedge_k4GtVPTuIQ.png
2026-08-18 11:27:44 [tick 369550984] | BACKUP OK | C:\Users\alexa\obs\game anal notes\GameDesignCapture\_backups\How many dudes\General\2026-08-18\11-27-44_tick-369550984_before-insert_n017.md
2026-08-18 11:27:44 [tick 369550984] | SAFE SAVE OK | reason=insert | count=18 | backup=C:\Users\alexa\obs\game anal notes\GameDesignCapture\_backups\How many dudes\General\2026-08-18\11-27-44_tick-369550984_before-insert_n017.md
2026-08-18 11:27:44 [tick 369551000] | INGEST element added | GameDesignCapture/Games/How many dudes/assets/msedge_k4GtVPTuIQ.png
2026-08-18 11:27:44 [tick 369551015] | DONE auto ingest | C:\Users\alexa\obs\game anal notes\GameDesignCapture\_inbox\2026-08\msedge_k4GtVPTuIQ.png
2026-08-18 11:27:53 [tick 369560203] | NEW inbox image | C:\Users\alexa\obs\game anal notes\GameDesignCapture\_inbox\2026-08\msedge_U8UMDnRbea.png
2026-08-18 11:27:54 [tick 369560968] | STABLE size=22135 | C:\Users\alexa\obs\game anal notes\GameDesignCapture\_inbox\2026-08\msedge_U8UMDnRbea.png
2026-08-18 11:27:54 [tick 369560968] | INGEST start | game=How many dudes | note=General.md | source=C:\Users\alexa\obs\game anal notes\GameDesignCapture\_inbox\2026-08\msedge_U8UMDnRbea.png
2026-08-18 11:27:54 [tick 369560968] | INGEST copied size=22135 | dest=C:\Users\alexa\obs\game anal notes\GameDesignCapture\Games\How many dudes\assets\msedge_U8UMDnRbea.png
2026-08-18 11:27:54 [tick 369560968] | BACKUP OK | C:\Users\alexa\obs\game anal notes\GameDesignCapture\_backups\How many dudes\General\2026-08-18\11-27-54_tick-369560968_before-insert_n018.md
2026-08-18 11:27:54 [tick 369560984] | SAFE SAVE OK | reason=insert | count=19 | backup=C:\Users\alexa\obs\game anal notes\GameDesignCapture\_backups\How many dudes\General\2026-08-18\11-27-54_tick-369560968_before-insert_n018.md
2026-08-18 11:27:54 [tick 369561000] | INGEST element added | GameDesignCapture/Games/How many dudes/assets/msedge_U8UMDnRbea.png
2026-08-18 11:27:54 [tick 369561015] | DONE auto ingest | C:\Users\alexa\obs\game anal notes\GameDesignCapture\_inbox\2026-08\msedge_U8UMDnRbea.png
2026-08-18 11:27:59 [tick 369565953] | NEW inbox image | C:\Users\alexa\obs\game anal notes\GameDesignCapture\_inbox\2026-08\msedge_nJghHQf1qz.png
2026-08-18 11:27:59 [tick 369566703] | STABLE size=25380 | C:\Users\alexa\obs\game anal notes\GameDesignCapture\_inbox\2026-08\msedge_nJghHQf1qz.png
2026-08-18 11:27:59 [tick 369566703] | INGEST start | game=How many dudes | note=General.md | source=C:\Users\alexa\obs\game anal notes\GameDesignCapture\_inbox\2026-08\msedge_nJghHQf1qz.png
2026-08-18 11:27:59 [tick 369566703] | INGEST copied size=25380 | dest=C:\Users\alexa\obs\game anal notes\GameDesignCapture\Games\How many dudes\assets\msedge_nJghHQf1qz.png
2026-08-18 11:27:59 [tick 369566718] | BACKUP OK | C:\Users\alexa\obs\game anal notes\GameDesignCapture\_backups\How many dudes\General\2026-08-18\11-27-59_tick-369566703_before-insert_n019.md
2026-08-18 11:27:59 [tick 369566718] | SAFE SAVE OK | reason=insert | count=20 | backup=C:\Users\alexa\obs\game anal notes\GameDesignCapture\_backups\How many dudes\General\2026-08-18\11-27-59_tick-369566703_before-insert_n019.md
2026-08-18 11:27:59 [tick 369566734] | INGEST element added | GameDesignCapture/Games/How many dudes/assets/msedge_nJghHQf1qz.png
2026-08-18 11:27:59 [tick 369566765] | DONE auto ingest | C:\Users\alexa\obs\game anal notes\GameDesignCapture\_inbox\2026-08\msedge_nJghHQf1qz.png
2026-08-18 13:15:24 [tick 376011796] | NEW inbox image | C:\Users\alexa\obs\game anal notes\GameDesignCapture\_inbox\2026-08\msedge_wmc8W0OZHA.png
2026-08-18 13:15:25 [tick 376012531] | STABLE size=42942 | C:\Users\alexa\obs\game anal notes\GameDesignCapture\_inbox\2026-08\msedge_wmc8W0OZHA.png
2026-08-18 13:15:25 [tick 376012531] | INGEST start | game=How many dudes | note=General.md | source=C:\Users\alexa\obs\game anal notes\GameDesignCapture\_inbox\2026-08\msedge_wmc8W0OZHA.png
2026-08-18 13:15:25 [tick 376012578] | INGEST copied size=42942 | dest=C:\Users\alexa\obs\game anal notes\GameDesignCapture\Games\How many dudes\assets\msedge_wmc8W0OZHA.png
2026-08-18 13:15:25 [tick 376012578] | BACKUP OK | C:\Users\alexa\obs\game anal notes\GameDesignCapture\_backups\How many dudes\General\2026-08-18\13-15-25_tick-376012578_before-insert_n020.md
2026-08-18 13:15:25 [tick 376012593] | SAFE SAVE OK | reason=insert | count=21 | backup=C:\Users\alexa\obs\game anal notes\GameDesignCapture\_backups\How many dudes\General\2026-08-18\13-15-25_tick-376012578_before-insert_n020.md
2026-08-18 13:15:25 [tick 376012609] | INGEST element added | GameDesignCapture/Games/How many dudes/assets/msedge_wmc8W0OZHA.png
2026-08-18 13:15:25 [tick 376012609] | DONE auto ingest | C:\Users\alexa\obs\game anal notes\GameDesignCapture\_inbox\2026-08\msedge_wmc8W0OZHA.png
2026-08-18 13:17:10 [tick 376117343] | NEW inbox image | C:\Users\alexa\obs\game anal notes\GameDesignCapture\_inbox\2026-08\msedge_7fDB8NXpKw.png
2026-08-18 13:17:11 [tick 376118093] | STABLE size=160310 | C:\Users\alexa\obs\game anal notes\GameDesignCapture\_inbox\2026-08\msedge_7fDB8NXpKw.png
2026-08-18 13:17:11 [tick 376118093] | INGEST start | game=How many dudes | note=General.md | source=C:\Users\alexa\obs\game anal notes\GameDesignCapture\_inbox\2026-08\msedge_7fDB8NXpKw.png
2026-08-18 13:17:11 [tick 376118109] | INGEST copied size=160310 | dest=C:\Users\alexa\obs\game anal notes\GameDesignCapture\Games\How many dudes\assets\msedge_7fDB8NXpKw.png
2026-08-18 13:17:11 [tick 376118109] | BACKUP OK | C:\Users\alexa\obs\game anal notes\GameDesignCapture\_backups\How many dudes\General\2026-08-18\13-17-11_tick-376118109_before-insert_n021.md
2026-08-18 13:17:11 [tick 376118125] | SAFE SAVE OK | reason=insert | count=22 | backup=C:\Users\alexa\obs\game anal notes\GameDesignCapture\_backups\How many dudes\General\2026-08-18\13-17-11_tick-376118109_before-insert_n021.md
2026-08-18 13:17:11 [tick 376118140] | INGEST element added | GameDesignCapture/Games/How many dudes/assets/msedge_7fDB8NXpKw.png
2026-08-18 13:17:11 [tick 376118156] | DONE auto ingest | C:\Users\alexa\obs\game anal notes\GameDesignCapture\_inbox\2026-08\msedge_7fDB8NXpKw.png
2026-08-18 13:24:46 [tick 376573078] | NEW inbox image | C:\Users\alexa\obs\game anal notes\GameDesignCapture\_inbox\2026-08\msedge_24982PANEL.png
2026-08-18 13:24:46 [tick 376573828] | STABLE size=67228 | C:\Users\alexa\obs\game anal notes\GameDesignCapture\_inbox\2026-08\msedge_24982PANEL.png
2026-08-18 13:24:46 [tick 376573828] | INGEST start | game=How many dudes | note=General.md | source=C:\Users\alexa\obs\game anal notes\GameDesignCapture\_inbox\2026-08\msedge_24982PANEL.png
2026-08-18 13:24:46 [tick 376573843] | INGEST copied size=67228 | dest=C:\Users\alexa\obs\game anal notes\GameDesignCapture\Games\How many dudes\assets\msedge_24982PANEL.png
2026-08-18 13:24:46 [tick 376573843] | BACKUP OK | C:\Users\alexa\obs\game anal notes\GameDesignCapture\_backups\How many dudes\General\2026-08-18\13-24-46_tick-376573843_before-insert_n022.md
2026-08-18 13:24:46 [tick 376573843] | SAFE SAVE OK | reason=insert | count=23 | backup=C:\Users\alexa\obs\game anal notes\GameDesignCapture\_backups\How many dudes\General\2026-08-18\13-24-46_tick-376573843_before-insert_n022.md
2026-08-18 13:24:46 [tick 376573859] | INGEST element added | GameDesignCapture/Games/How many dudes/assets/msedge_24982PANEL.png
2026-08-18 13:24:47 [tick 376573875] | DONE auto ingest | C:\Users\alexa\obs\game anal notes\GameDesignCapture\_inbox\2026-08\msedge_24982PANEL.png
2026-08-18 13:26:25 [tick 376672656] | NEW inbox image | C:\Users\alexa\obs\game anal notes\GameDesignCapture\_inbox\2026-08\msedge_7bpgxqSBXQ.png
2026-08-18 13:26:26 [tick 376673406] | STABLE size=97330 | C:\Users\alexa\obs\game anal notes\GameDesignCapture\_inbox\2026-08\msedge_7bpgxqSBXQ.png
2026-08-18 13:26:26 [tick 376673406] | INGEST start | game=How many dudes | note=General.md | source=C:\Users\alexa\obs\game anal notes\GameDesignCapture\_inbox\2026-08\msedge_7bpgxqSBXQ.png
2026-08-18 13:26:26 [tick 376673421] | INGEST copied size=97330 | dest=C:\Users\alexa\obs\game anal notes\GameDesignCapture\Games\How many dudes\assets\msedge_7bpgxqSBXQ.png
2026-08-18 13:26:26 [tick 376673421] | BACKUP OK | C:\Users\alexa\obs\game anal notes\GameDesignCapture\_backups\How many dudes\General\2026-08-18\13-26-26_tick-376673421_before-insert_n023.md
2026-08-18 13:26:26 [tick 376673437] | SAFE SAVE OK | reason=insert | count=24 | backup=C:\Users\alexa\obs\game anal notes\GameDesignCapture\_backups\How many dudes\General\2026-08-18\13-26-26_tick-376673421_before-insert_n023.md
2026-08-18 13:26:26 [tick 376673453] | INGEST element added | GameDesignCapture/Games/How many dudes/assets/msedge_7bpgxqSBXQ.png
2026-08-18 13:26:26 [tick 376673468] | DONE auto ingest | C:\Users\alexa\obs\game anal notes\GameDesignCapture\_inbox\2026-08\msedge_7bpgxqSBXQ.png
2026-08-18 13:26:49 [tick 376696484] | INIT known inbox files=8
2026-08-18 13:26:49 [tick 376696484] | START helper | version=0.1.1 | script=C:\gd-cap\src\gd-cap.ahk | inbox=C:\Users\alexa\obs\game anal notes\GameDesignCapture\_inbox
2026-08-18 13:26:49 [tick 376696546] | NOTE READY | count=24 | C:\Users\alexa\obs\game anal notes\GameDesignCapture\Games\How many dudes\General.md
2026-08-18 13:27:01 [tick 376708828] | BACKUP OK | C:\Users\alexa\obs\game anal notes\GameDesignCapture\_backups\презентация\General\2026-08-18\13-27-01_tick-376708828_baseline_n000.md
2026-08-18 13:27:01 [tick 376708828] | INTEGRITY baseline created | count=0
2026-08-18 13:27:01 [tick 376708828] | NOTE READY | count=0 | C:\Users\alexa\obs\game anal notes\GameDesignCapture\Games\презентация\General.md
2026-08-18 13:27:46 [tick 376753093] | NEW inbox image | C:\Users\alexa\obs\game anal notes\GameDesignCapture\_inbox\2026-08\msedge_IKFolmP4ya.png
2026-08-18 13:27:46 [tick 376753859] | STABLE size=122367 | C:\Users\alexa\obs\game anal notes\GameDesignCapture\_inbox\2026-08\msedge_IKFolmP4ya.png
2026-08-18 13:27:46 [tick 376753859] | INGEST start | game=презентация | note=General.md | source=C:\Users\alexa\obs\game anal notes\GameDesignCapture\_inbox\2026-08\msedge_IKFolmP4ya.png
2026-08-18 13:27:46 [tick 376753859] | INGEST copied size=122367 | dest=C:\Users\alexa\obs\game anal notes\GameDesignCapture\Games\презентация\assets\msedge_IKFolmP4ya.png
2026-08-18 13:27:47 [tick 376753875] | BACKUP OK | C:\Users\alexa\obs\game anal notes\GameDesignCapture\_backups\презентация\General\2026-08-18\13-27-46_tick-376753859_before-insert_n000.md
2026-08-18 13:27:47 [tick 376753875] | SAFE SAVE OK | reason=insert | count=1 | backup=C:\Users\alexa\obs\game anal notes\GameDesignCapture\_backups\презентация\General\2026-08-18\13-27-46_tick-376753859_before-insert_n000.md
2026-08-18 13:27:47 [tick 376753875] | INGEST element added | GameDesignCapture/Games/презентация/assets/msedge_IKFolmP4ya.png
2026-08-18 13:27:47 [tick 376753890] | DONE auto ingest | C:\Users\alexa\obs\game anal notes\GameDesignCapture\_inbox\2026-08\msedge_IKFolmP4ya.png
2026-08-18 13:27:56 [tick 376763343] | NEW inbox image | C:\Users\alexa\obs\game anal notes\GameDesignCapture\_inbox\2026-08\msedge_NcDQhkXXn0.png
2026-08-18 13:27:57 [tick 376764109] | STABLE size=223179 | C:\Users\alexa\obs\game anal notes\GameDesignCapture\_inbox\2026-08\msedge_NcDQhkXXn0.png
2026-08-18 13:27:57 [tick 376764109] | INGEST start | game=презентация | note=General.md | source=C:\Users\alexa\obs\game anal notes\GameDesignCapture\_inbox\2026-08\msedge_NcDQhkXXn0.png
2026-08-18 13:27:57 [tick 376764156] | INGEST copied size=223179 | dest=C:\Users\alexa\obs\game anal notes\GameDesignCapture\Games\презентация\assets\msedge_NcDQhkXXn0.png
2026-08-18 13:27:57 [tick 376764171] | BACKUP OK | C:\Users\alexa\obs\game anal notes\GameDesignCapture\_backups\презентация\General\2026-08-18\13-27-57_tick-376764156_before-insert_n001.md
2026-08-18 13:27:57 [tick 376764218] | SAFE SAVE OK | reason=insert | count=2 | backup=C:\Users\alexa\obs\game anal notes\GameDesignCapture\_backups\презентация\General\2026-08-18\13-27-57_tick-376764156_before-insert_n001.md
2026-08-18 13:27:57 [tick 376764234] | INGEST element added | GameDesignCapture/Games/презентация/assets/msedge_NcDQhkXXn0.png
2026-08-18 13:27:57 [tick 376764296] | DONE auto ingest | C:\Users\alexa\obs\game anal notes\GameDesignCapture\_inbox\2026-08\msedge_NcDQhkXXn0.png
2026-08-18 13:28:02 [tick 376769593] | NEW inbox image | C:\Users\alexa\obs\game anal notes\GameDesignCapture\_inbox\2026-08\msedge_u3JDYlQ5Lv.png
2026-08-18 13:28:03 [tick 376770359] | STABLE size=192678 | C:\Users\alexa\obs\game anal notes\GameDesignCapture\_inbox\2026-08\msedge_u3JDYlQ5Lv.png
2026-08-18 13:28:03 [tick 376770375] | INGEST start | game=презентация | note=General.md | source=C:\Users\alexa\obs\game anal notes\GameDesignCapture\_inbox\2026-08\msedge_u3JDYlQ5Lv.png
2026-08-18 13:28:03 [tick 376770375] | INGEST copied size=192678 | dest=C:\Users\alexa\obs\game anal notes\GameDesignCapture\Games\презентация\assets\msedge_u3JDYlQ5Lv.png
2026-08-18 13:28:03 [tick 376770375] | BACKUP OK | C:\Users\alexa\obs\game anal notes\GameDesignCapture\_backups\презентация\General\2026-08-18\13-28-03_tick-376770375_before-insert_n002.md
2026-08-18 13:28:03 [tick 376770390] | SAFE SAVE OK | reason=insert | count=3 | backup=C:\Users\alexa\obs\game anal notes\GameDesignCapture\_backups\презентация\General\2026-08-18\13-28-03_tick-376770375_before-insert_n002.md
2026-08-18 13:28:03 [tick 376770390] | INGEST element added | GameDesignCapture/Games/презентация/assets/msedge_u3JDYlQ5Lv.png
2026-08-18 13:28:03 [tick 376770406] | DONE auto ingest | C:\Users\alexa\obs\game anal notes\GameDesignCapture\_inbox\2026-08\msedge_u3JDYlQ5Lv.png
2026-08-18 13:28:09 [tick 376776625] | NEW inbox image | C:\Users\alexa\obs\game anal notes\GameDesignCapture\_inbox\2026-08\msedge_0XHmsDEcmb.png
2026-08-18 13:28:10 [tick 376777375] | STABLE size=112457 | C:\Users\alexa\obs\game anal notes\GameDesignCapture\_inbox\2026-08\msedge_0XHmsDEcmb.png
2026-08-18 13:28:10 [tick 376777375] | INGEST start | game=презентация | note=General.md | source=C:\Users\alexa\obs\game anal notes\GameDesignCapture\_inbox\2026-08\msedge_0XHmsDEcmb.png
2026-08-18 13:28:10 [tick 376777375] | INGEST copied size=112457 | dest=C:\Users\alexa\obs\game anal notes\GameDesignCapture\Games\презентация\assets\msedge_0XHmsDEcmb.png
2026-08-18 13:28:10 [tick 376777390] | BACKUP OK | C:\Users\alexa\obs\game anal notes\GameDesignCapture\_backups\презентация\General\2026-08-18\13-28-10_tick-376777390_before-insert_n003.md
2026-08-18 13:28:10 [tick 376777390] | SAFE SAVE OK | reason=insert | count=4 | backup=C:\Users\alexa\obs\game anal notes\GameDesignCapture\_backups\презентация\General\2026-08-18\13-28-10_tick-376777390_before-insert_n003.md
2026-08-18 13:28:10 [tick 376777406] | INGEST element added | GameDesignCapture/Games/презентация/assets/msedge_0XHmsDEcmb.png
2026-08-18 13:28:10 [tick 376777421] | DONE auto ingest | C:\Users\alexa\obs\game anal notes\GameDesignCapture\_inbox\2026-08\msedge_0XHmsDEcmb.png
2026-08-18 13:28:17 [tick 376784125] | NEW inbox image | C:\Users\alexa\obs\game anal notes\GameDesignCapture\_inbox\2026-08\msedge_gmthyPWliZ.png
2026-08-18 13:28:18 [tick 376784875] | STABLE size=126241 | C:\Users\alexa\obs\game anal notes\GameDesignCapture\_inbox\2026-08\msedge_gmthyPWliZ.png
2026-08-18 13:28:18 [tick 376784875] | INGEST start | game=презентация | note=General.md | source=C:\Users\alexa\obs\game anal notes\GameDesignCapture\_inbox\2026-08\msedge_gmthyPWliZ.png
2026-08-18 13:28:18 [tick 376784875] | INGEST copied size=126241 | dest=C:\Users\alexa\obs\game anal notes\GameDesignCapture\Games\презентация\assets\msedge_gmthyPWliZ.png
2026-08-18 13:28:18 [tick 376784875] | BACKUP OK | C:\Users\alexa\obs\game anal notes\GameDesignCapture\_backups\презентация\General\2026-08-18\13-28-18_tick-376784875_before-insert_n004.md
2026-08-18 13:28:18 [tick 376784890] | SAFE SAVE OK | reason=insert | count=5 | backup=C:\Users\alexa\obs\game anal notes\GameDesignCapture\_backups\презентация\General\2026-08-18\13-28-18_tick-376784875_before-insert_n004.md
2026-08-18 13:28:18 [tick 376784890] | INGEST element added | GameDesignCapture/Games/презентация/assets/msedge_gmthyPWliZ.png
2026-08-18 13:28:18 [tick 376784906] | DONE auto ingest | C:\Users\alexa\obs\game anal notes\GameDesignCapture\_inbox\2026-08\msedge_gmthyPWliZ.png
2026-08-18 13:28:44 [tick 376811156] | NEW inbox image | C:\Users\alexa\obs\game anal notes\GameDesignCapture\_inbox\2026-08\msedge_IcShn6PFLK.png
2026-08-18 13:28:45 [tick 376811906] | STABLE size=161538 | C:\Users\alexa\obs\game anal notes\GameDesignCapture\_inbox\2026-08\msedge_IcShn6PFLK.png
2026-08-18 13:28:45 [tick 376811906] | INGEST start | game=презентация | note=General.md | source=C:\Users\alexa\obs\game anal notes\GameDesignCapture\_inbox\2026-08\msedge_IcShn6PFLK.png
2026-08-18 13:28:45 [tick 376811921] | INGEST copied size=161538 | dest=C:\Users\alexa\obs\game anal notes\GameDesignCapture\Games\презентация\assets\msedge_IcShn6PFLK.png
2026-08-18 13:28:45 [tick 376811921] | BACKUP OK | C:\Users\alexa\obs\game anal notes\GameDesignCapture\_backups\презентация\General\2026-08-18\13-28-45_tick-376811921_before-insert_n005.md
2026-08-18 13:28:45 [tick 376811921] | SAFE SAVE OK | reason=insert | count=6 | backup=C:\Users\alexa\obs\game anal notes\GameDesignCapture\_backups\презентация\General\2026-08-18\13-28-45_tick-376811921_before-insert_n005.md
2026-08-18 13:28:45 [tick 376811937] | INGEST element added | GameDesignCapture/Games/презентация/assets/msedge_IcShn6PFLK.png
2026-08-18 13:28:45 [tick 376811937] | DONE auto ingest | C:\Users\alexa\obs\game anal notes\GameDesignCapture\_inbox\2026-08\msedge_IcShn6PFLK.png
2026-08-18 13:29:34 [tick 376861671] | NEW inbox image | C:\Users\alexa\obs\game anal notes\GameDesignCapture\_inbox\2026-08\msedge_jcFyLbi3Fm.png
2026-08-18 13:29:35 [tick 376862421] | STABLE size=156782 | C:\Users\alexa\obs\game anal notes\GameDesignCapture\_inbox\2026-08\msedge_jcFyLbi3Fm.png
2026-08-18 13:29:35 [tick 376862421] | INGEST start | game=презентация | note=General.md | source=C:\Users\alexa\obs\game anal notes\GameDesignCapture\_inbox\2026-08\msedge_jcFyLbi3Fm.png
2026-08-18 13:29:35 [tick 376862437] | INGEST copied size=156782 | dest=C:\Users\alexa\obs\game anal notes\GameDesignCapture\Games\презентация\assets\msedge_jcFyLbi3Fm.png
2026-08-18 13:29:35 [tick 376862437] | BACKUP OK | C:\Users\alexa\obs\game anal notes\GameDesignCapture\_backups\презентация\General\2026-08-18\13-29-35_tick-376862437_before-insert_n006.md
2026-08-18 13:29:35 [tick 376862453] | SAFE SAVE OK | reason=insert | count=7 | backup=C:\Users\alexa\obs\game anal notes\GameDesignCapture\_backups\презентация\General\2026-08-18\13-29-35_tick-376862437_before-insert_n006.md
2026-08-18 13:29:35 [tick 376862468] | INGEST element added | GameDesignCapture/Games/презентация/assets/msedge_jcFyLbi3Fm.png
2026-08-18 13:29:35 [tick 376862484] | DONE auto ingest | C:\Users\alexa\obs\game anal notes\GameDesignCapture\_inbox\2026-08\msedge_jcFyLbi3Fm.png
2026-08-18 13:30:00 [tick 376887187] | NEW inbox image | C:\Users\alexa\obs\game anal notes\GameDesignCapture\_inbox\2026-08\msedge_vH7rCG6kkV.png
2026-08-18 13:30:01 [tick 376887921] | STABLE size=164876 | C:\Users\alexa\obs\game anal notes\GameDesignCapture\_inbox\2026-08\msedge_vH7rCG6kkV.png
2026-08-18 13:30:01 [tick 376887921] | INGEST start | game=презентация | note=General.md | source=C:\Users\alexa\obs\game anal notes\GameDesignCapture\_inbox\2026-08\msedge_vH7rCG6kkV.png
2026-08-18 13:30:01 [tick 376887921] | INGEST copied size=164876 | dest=C:\Users\alexa\obs\game anal notes\GameDesignCapture\Games\презентация\assets\msedge_vH7rCG6kkV.png
2026-08-18 13:30:01 [tick 376887937] | BACKUP OK | C:\Users\alexa\obs\game anal notes\GameDesignCapture\_backups\презентация\General\2026-08-18\13-30-01_tick-376887937_before-insert_n007.md
2026-08-18 13:30:01 [tick 376887937] | SAFE SAVE OK | reason=insert | count=8 | backup=C:\Users\alexa\obs\game anal notes\GameDesignCapture\_backups\презентация\General\2026-08-18\13-30-01_tick-376887937_before-insert_n007.md
2026-08-18 13:30:01 [tick 376887953] | INGEST element added | GameDesignCapture/Games/презентация/assets/msedge_vH7rCG6kkV.png
2026-08-18 13:30:01 [tick 376887968] | DONE auto ingest | C:\Users\alexa\obs\game anal notes\GameDesignCapture\_inbox\2026-08\msedge_vH7rCG6kkV.png
2026-08-18 13:30:23 [tick 376910187] | NEW inbox image | C:\Users\alexa\obs\game anal notes\GameDesignCapture\_inbox\2026-08\msedge_ItXRyKyu6l.png
2026-08-18 13:30:24 [tick 376910937] | STABLE size=159787 | C:\Users\alexa\obs\game anal notes\GameDesignCapture\_inbox\2026-08\msedge_ItXRyKyu6l.png
2026-08-18 13:30:24 [tick 376910937] | INGEST start | game=презентация | note=General.md | source=C:\Users\alexa\obs\game anal notes\GameDesignCapture\_inbox\2026-08\msedge_ItXRyKyu6l.png
2026-08-18 13:30:24 [tick 376910937] | INGEST copied size=159787 | dest=C:\Users\alexa\obs\game anal notes\GameDesignCapture\Games\презентация\assets\msedge_ItXRyKyu6l.png
2026-08-18 13:30:24 [tick 376910953] | BACKUP OK | C:\Users\alexa\obs\game anal notes\GameDesignCapture\_backups\презентация\General\2026-08-18\13-30-24_tick-376910937_before-insert_n008.md
2026-08-18 13:30:24 [tick 376910953] | SAFE SAVE OK | reason=insert | count=9 | backup=C:\Users\alexa\obs\game anal notes\GameDesignCapture\_backups\презентация\General\2026-08-18\13-30-24_tick-376910937_before-insert_n008.md
2026-08-18 13:30:24 [tick 376910968] | INGEST element added | GameDesignCapture/Games/презентация/assets/msedge_ItXRyKyu6l.png
2026-08-18 13:30:24 [tick 376910984] | DONE auto ingest | C:\Users\alexa\obs\game anal notes\GameDesignCapture\_inbox\2026-08\msedge_ItXRyKyu6l.png
2026-08-18 13:30:56 [tick 376943437] | NEW inbox image | C:\Users\alexa\obs\game anal notes\GameDesignCapture\_inbox\2026-08\msedge_DTwqmloQQh.png
2026-08-18 13:30:57 [tick 376944187] | STABLE size=167287 | C:\Users\alexa\obs\game anal notes\GameDesignCapture\_inbox\2026-08\msedge_DTwqmloQQh.png
2026-08-18 13:30:57 [tick 376944187] | INGEST start | game=презентация | note=General.md | source=C:\Users\alexa\obs\game anal notes\GameDesignCapture\_inbox\2026-08\msedge_DTwqmloQQh.png
2026-08-18 13:30:57 [tick 376944203] | INGEST copied size=167287 | dest=C:\Users\alexa\obs\game anal notes\GameDesignCapture\Games\презентация\assets\msedge_DTwqmloQQh.png
2026-08-18 13:30:57 [tick 376944203] | BACKUP OK | C:\Users\alexa\obs\game anal notes\GameDesignCapture\_backups\презентация\General\2026-08-18\13-30-57_tick-376944203_before-insert_n009.md
2026-08-18 13:30:57 [tick 376944203] | SAFE SAVE OK | reason=insert | count=10 | backup=C:\Users\alexa\obs\game anal notes\GameDesignCapture\_backups\презентация\General\2026-08-18\13-30-57_tick-376944203_before-insert_n009.md
2026-08-18 13:30:57 [tick 376944218] | INGEST element added | GameDesignCapture/Games/презентация/assets/msedge_DTwqmloQQh.png
2026-08-18 13:30:57 [tick 376944234] | DONE auto ingest | C:\Users\alexa\obs\game anal notes\GameDesignCapture\_inbox\2026-08\msedge_DTwqmloQQh.png
2026-08-18 13:33:48 [tick 377115796] | NEW inbox image | C:\Users\alexa\obs\game anal notes\GameDesignCapture\_inbox\2026-08\msedge_TzIkDEpgWf.png
2026-08-18 13:33:49 [tick 377116546] | STABLE size=192849 | C:\Users\alexa\obs\game anal notes\GameDesignCapture\_inbox\2026-08\msedge_TzIkDEpgWf.png
2026-08-18 13:33:49 [tick 377116546] | INGEST start | game=презентация | note=General.md | source=C:\Users\alexa\obs\game anal notes\GameDesignCapture\_inbox\2026-08\msedge_TzIkDEpgWf.png
2026-08-18 13:33:49 [tick 377116562] | INGEST copied size=192849 | dest=C:\Users\alexa\obs\game anal notes\GameDesignCapture\Games\презентация\assets\msedge_TzIkDEpgWf.png
2026-08-18 13:33:49 [tick 377116578] | BACKUP OK | C:\Users\alexa\obs\game anal notes\GameDesignCapture\_backups\презентация\General\2026-08-18\13-33-49_tick-377116562_before-insert_n010.md
2026-08-18 13:33:49 [tick 377116578] | SAFE SAVE OK | reason=insert | count=11 | backup=C:\Users\alexa\obs\game anal notes\GameDesignCapture\_backups\презентация\General\2026-08-18\13-33-49_tick-377116562_before-insert_n010.md
2026-08-18 13:33:49 [tick 377116593] | INGEST element added | GameDesignCapture/Games/презентация/assets/msedge_TzIkDEpgWf.png
2026-08-18 13:33:49 [tick 377116609] | DONE auto ingest | C:\Users\alexa\obs\game anal notes\GameDesignCapture\_inbox\2026-08\msedge_TzIkDEpgWf.png
2026-08-18 13:34:59 [tick 377186812] | NEW inbox image | C:\Users\alexa\obs\game anal notes\GameDesignCapture\_inbox\2026-08\msedge_3udsnJCnHO.png
2026-08-18 13:35:00 [tick 377187562] | STABLE size=143857 | C:\Users\alexa\obs\game anal notes\GameDesignCapture\_inbox\2026-08\msedge_3udsnJCnHO.png
2026-08-18 13:35:00 [tick 377187562] | INGEST start | game=презентация | note=General.md | source=C:\Users\alexa\obs\game anal notes\GameDesignCapture\_inbox\2026-08\msedge_3udsnJCnHO.png
2026-08-18 13:35:00 [tick 377187578] | INGEST copied size=143857 | dest=C:\Users\alexa\obs\game anal notes\GameDesignCapture\Games\презентация\assets\msedge_3udsnJCnHO.png
2026-08-18 13:35:00 [tick 377187578] | BACKUP OK | C:\Users\alexa\obs\game anal notes\GameDesignCapture\_backups\презентация\General\2026-08-18\13-35-00_tick-377187578_before-insert_n011.md
2026-08-18 13:35:00 [tick 377187593] | SAFE SAVE OK | reason=insert | count=12 | backup=C:\Users\alexa\obs\game anal notes\GameDesignCapture\_backups\презентация\General\2026-08-18\13-35-00_tick-377187578_before-insert_n011.md
2026-08-18 13:35:00 [tick 377187609] | INGEST element added | GameDesignCapture/Games/презентация/assets/msedge_3udsnJCnHO.png
2026-08-18 13:35:00 [tick 377187609] | DONE auto ingest | C:\Users\alexa\obs\game anal notes\GameDesignCapture\_inbox\2026-08\msedge_3udsnJCnHO.png
2026-08-18 13:38:16 [tick 377383062] | BACKUP OK | C:\Users\alexa\obs\game anal notes\GameDesignCapture\_backups\презентация\General\2026-08-18\13-38-16_tick-377383062_before-insert_n012.md
2026-08-18 13:38:16 [tick 377383062] | SAFE SAVE OK | reason=insert | count=13 | backup=C:\Users\alexa\obs\game anal notes\GameDesignCapture\_backups\презентация\General\2026-08-18\13-38-16_tick-377383062_before-insert_n012.md
2026-08-18 13:48:00 [tick 377967343] | BACKUP OK | C:\Users\alexa\obs\game anal notes\GameDesignCapture\_backups\презентация\pawn spin\2026-08-18\13-48-00_tick-377967343_baseline_n000.md
2026-08-18 13:48:00 [tick 377967343] | INTEGRITY baseline created | count=0
2026-08-18 13:48:00 [tick 377967343] | NOTE READY | count=0 | C:\Users\alexa\obs\game anal notes\GameDesignCapture\Games\презентация\pawn spin.md
2026-08-18 13:48:35 [tick 378001906] | BACKUP OK | C:\Users\alexa\obs\game anal notes\GameDesignCapture\_backups\презентация\pawn spin\2026-08-18\13-48-35_tick-378001906_before-insert_n000.md
2026-08-18 13:48:35 [tick 378001921] | SAFE SAVE OK | reason=insert | count=1 | backup=C:\Users\alexa\obs\game anal notes\GameDesignCapture\_backups\презентация\pawn spin\2026-08-18\13-48-35_tick-378001906_before-insert_n000.md
2026-08-18 13:48:47 [tick 378013875] | NEW inbox image | C:\Users\alexa\obs\game anal notes\GameDesignCapture\_inbox\2026-08\msedge_mRkvASVSbN.png
2026-08-18 13:48:47 [tick 378014625] | STABLE size=272484 | C:\Users\alexa\obs\game anal notes\GameDesignCapture\_inbox\2026-08\msedge_mRkvASVSbN.png
2026-08-18 13:48:47 [tick 378014625] | INGEST start | game=презентация | note=pawn spin.md | source=C:\Users\alexa\obs\game anal notes\GameDesignCapture\_inbox\2026-08\msedge_mRkvASVSbN.png
2026-08-18 13:48:47 [tick 378014640] | INGEST copied size=272484 | dest=C:\Users\alexa\obs\game anal notes\GameDesignCapture\Games\презентация\assets\msedge_mRkvASVSbN.png
2026-08-18 13:48:47 [tick 378014640] | BACKUP OK | C:\Users\alexa\obs\game anal notes\GameDesignCapture\_backups\презентация\pawn spin\2026-08-18\13-48-47_tick-378014640_before-insert_n001.md
2026-08-18 13:48:47 [tick 378014640] | SAFE SAVE OK | reason=insert | count=2 | backup=C:\Users\alexa\obs\game anal notes\GameDesignCapture\_backups\презентация\pawn spin\2026-08-18\13-48-47_tick-378014640_before-insert_n001.md
2026-08-18 13:48:47 [tick 378014656] | INGEST element added | GameDesignCapture/Games/презентация/assets/msedge_mRkvASVSbN.png
2026-08-18 13:48:47 [tick 378014671] | DONE auto ingest | C:\Users\alexa\obs\game anal notes\GameDesignCapture\_inbox\2026-08\msedge_mRkvASVSbN.png
2026-08-18 13:48:59 [tick 378026640] | NEW inbox image | C:\Users\alexa\obs\game anal notes\GameDesignCapture\_inbox\2026-08\msedge_KJHo1bbYho.png
2026-08-18 13:49:00 [tick 378027390] | STABLE size=355636 | C:\Users\alexa\obs\game anal notes\GameDesignCapture\_inbox\2026-08\msedge_KJHo1bbYho.png
2026-08-18 13:49:00 [tick 378027390] | INGEST start | game=презентация | note=pawn spin.md | source=C:\Users\alexa\obs\game anal notes\GameDesignCapture\_inbox\2026-08\msedge_KJHo1bbYho.png
2026-08-18 13:49:00 [tick 378027390] | INGEST copied size=355636 | dest=C:\Users\alexa\obs\game anal notes\GameDesignCapture\Games\презентация\assets\msedge_KJHo1bbYho.png
2026-08-18 13:49:00 [tick 378027406] | BACKUP OK | C:\Users\alexa\obs\game anal notes\GameDesignCapture\_backups\презентация\pawn spin\2026-08-18\13-49-00_tick-378027406_before-insert_n002.md
2026-08-18 13:49:00 [tick 378027406] | SAFE SAVE OK | reason=insert | count=3 | backup=C:\Users\alexa\obs\game anal notes\GameDesignCapture\_backups\презентация\pawn spin\2026-08-18\13-49-00_tick-378027406_before-insert_n002.md
2026-08-18 13:49:00 [tick 378027421] | INGEST element added | GameDesignCapture/Games/презентация/assets/msedge_KJHo1bbYho.png
2026-08-18 13:49:00 [tick 378027437] | DONE auto ingest | C:\Users\alexa\obs\game anal notes\GameDesignCapture\_inbox\2026-08\msedge_KJHo1bbYho.png
2026-08-18 13:49:15 [tick 378042640] | NEW inbox image | C:\Users\alexa\obs\game anal notes\GameDesignCapture\_inbox\2026-08\msedge_5opULit92M.png
2026-08-18 13:49:16 [tick 378043390] | STABLE size=374021 | C:\Users\alexa\obs\game anal notes\GameDesignCapture\_inbox\2026-08\msedge_5opULit92M.png
2026-08-18 13:49:16 [tick 378043390] | INGEST start | game=презентация | note=pawn spin.md | source=C:\Users\alexa\obs\game anal notes\GameDesignCapture\_inbox\2026-08\msedge_5opULit92M.png
2026-08-18 13:49:16 [tick 378043406] | INGEST copied size=374021 | dest=C:\Users\alexa\obs\game anal notes\GameDesignCapture\Games\презентация\assets\msedge_5opULit92M.png
2026-08-18 13:49:16 [tick 378043406] | BACKUP OK | C:\Users\alexa\obs\game anal notes\GameDesignCapture\_backups\презентация\pawn spin\2026-08-18\13-49-16_tick-378043406_before-insert_n003.md
2026-08-18 13:49:16 [tick 378043421] | SAFE SAVE OK | reason=insert | count=4 | backup=C:\Users\alexa\obs\game anal notes\GameDesignCapture\_backups\презентация\pawn spin\2026-08-18\13-49-16_tick-378043406_before-insert_n003.md
2026-08-18 13:49:16 [tick 378043421] | INGEST element added | GameDesignCapture/Games/презентация/assets/msedge_5opULit92M.png
2026-08-18 13:49:16 [tick 378043437] | DONE auto ingest | C:\Users\alexa\obs\game anal notes\GameDesignCapture\_inbox\2026-08\msedge_5opULit92M.png
2026-08-18 13:49:26 [tick 378052906] | NEW inbox image | C:\Users\alexa\obs\game anal notes\GameDesignCapture\_inbox\2026-08\msedge_55AoxWarLq.png
2026-08-18 13:49:26 [tick 378053656] | STABLE size=339176 | C:\Users\alexa\obs\game anal notes\GameDesignCapture\_inbox\2026-08\msedge_55AoxWarLq.png
2026-08-18 13:49:26 [tick 378053671] | INGEST start | game=презентация | note=pawn spin.md | source=C:\Users\alexa\obs\game anal notes\GameDesignCapture\_inbox\2026-08\msedge_55AoxWarLq.png
2026-08-18 13:49:26 [tick 378053671] | INGEST copied size=339176 | dest=C:\Users\alexa\obs\game anal notes\GameDesignCapture\Games\презентация\assets\msedge_55AoxWarLq.png
2026-08-18 13:49:26 [tick 378053671] | BACKUP OK | C:\Users\alexa\obs\game anal notes\GameDesignCapture\_backups\презентация\pawn spin\2026-08-18\13-49-26_tick-378053671_before-insert_n004.md
2026-08-18 13:49:26 [tick 378053687] | SAFE SAVE OK | reason=insert | count=5 | backup=C:\Users\alexa\obs\game anal notes\GameDesignCapture\_backups\презентация\pawn spin\2026-08-18\13-49-26_tick-378053671_before-insert_n004.md
2026-08-18 13:49:26 [tick 378053687] | INGEST element added | GameDesignCapture/Games/презентация/assets/msedge_55AoxWarLq.png
2026-08-18 13:49:26 [tick 378053765] | DONE auto ingest | C:\Users\alexa\obs\game anal notes\GameDesignCapture\_inbox\2026-08\msedge_55AoxWarLq.png
2026-08-18 13:49:39 [tick 378066421] | NEW inbox image | C:\Users\alexa\obs\game anal notes\GameDesignCapture\_inbox\2026-08\msedge_WYVAn6OGuh.png
2026-08-18 13:49:40 [tick 378067171] | STABLE size=226518 | C:\Users\alexa\obs\game anal notes\GameDesignCapture\_inbox\2026-08\msedge_WYVAn6OGuh.png
2026-08-18 13:49:40 [tick 378067171] | INGEST start | game=презентация | note=pawn spin.md | source=C:\Users\alexa\obs\game anal notes\GameDesignCapture\_inbox\2026-08\msedge_WYVAn6OGuh.png
2026-08-18 13:49:40 [tick 378067187] | INGEST copied size=226518 | dest=C:\Users\alexa\obs\game anal notes\GameDesignCapture\Games\презентация\assets\msedge_WYVAn6OGuh.png
2026-08-18 13:49:40 [tick 378067187] | BACKUP OK | C:\Users\alexa\obs\game anal notes\GameDesignCapture\_backups\презентация\pawn spin\2026-08-18\13-49-40_tick-378067187_before-insert_n005.md
2026-08-18 13:49:40 [tick 378067203] | SAFE SAVE OK | reason=insert | count=6 | backup=C:\Users\alexa\obs\game anal notes\GameDesignCapture\_backups\презентация\pawn spin\2026-08-18\13-49-40_tick-378067187_before-insert_n005.md
2026-08-18 13:49:40 [tick 378067203] | INGEST element added | GameDesignCapture/Games/презентация/assets/msedge_WYVAn6OGuh.png
2026-08-18 13:49:40 [tick 378067218] | DONE auto ingest | C:\Users\alexa\obs\game anal notes\GameDesignCapture\_inbox\2026-08\msedge_WYVAn6OGuh.png
2026-08-18 13:49:46 [tick 378073437] | NEW inbox image | C:\Users\alexa\obs\game anal notes\GameDesignCapture\_inbox\2026-08\msedge_O7zVTLIIhY.png
2026-08-18 13:49:47 [tick 378074171] | STABLE size=296632 | C:\Users\alexa\obs\game anal notes\GameDesignCapture\_inbox\2026-08\msedge_O7zVTLIIhY.png
2026-08-18 13:49:47 [tick 378074171] | INGEST start | game=презентация | note=pawn spin.md | source=C:\Users\alexa\obs\game anal notes\GameDesignCapture\_inbox\2026-08\msedge_O7zVTLIIhY.png
2026-08-18 13:49:47 [tick 378074171] | INGEST copied size=296632 | dest=C:\Users\alexa\obs\game anal notes\GameDesignCapture\Games\презентация\assets\msedge_O7zVTLIIhY.png
2026-08-18 13:49:47 [tick 378074171] | BACKUP OK | C:\Users\alexa\obs\game anal notes\GameDesignCapture\_backups\презентация\pawn spin\2026-08-18\13-49-47_tick-378074171_before-insert_n006.md
2026-08-18 13:49:47 [tick 378074187] | SAFE SAVE OK | reason=insert | count=7 | backup=C:\Users\alexa\obs\game anal notes\GameDesignCapture\_backups\презентация\pawn spin\2026-08-18\13-49-47_tick-378074171_before-insert_n006.md
2026-08-18 13:49:47 [tick 378074187] | INGEST element added | GameDesignCapture/Games/презентация/assets/msedge_O7zVTLIIhY.png
2026-08-18 13:49:47 [tick 378074218] | DONE auto ingest | C:\Users\alexa\obs\game anal notes\GameDesignCapture\_inbox\2026-08\msedge_O7zVTLIIhY.png
2026-08-18 13:49:57 [tick 378084687] | NEW inbox image | C:\Users\alexa\obs\game anal notes\GameDesignCapture\_inbox\2026-08\msedge_81ZS7DWEik.png
2026-08-18 13:49:58 [tick 378085437] | STABLE size=411637 | C:\Users\alexa\obs\game anal notes\GameDesignCapture\_inbox\2026-08\msedge_81ZS7DWEik.png
2026-08-18 13:49:58 [tick 378085437] | INGEST start | game=презентация | note=pawn spin.md | source=C:\Users\alexa\obs\game anal notes\GameDesignCapture\_inbox\2026-08\msedge_81ZS7DWEik.png
2026-08-18 13:49:58 [tick 378085453] | INGEST copied size=411637 | dest=C:\Users\alexa\obs\game anal notes\GameDesignCapture\Games\презентация\assets\msedge_81ZS7DWEik.png
2026-08-18 13:49:58 [tick 378085453] | BACKUP OK | C:\Users\alexa\obs\game anal notes\GameDesignCapture\_backups\презентация\pawn spin\2026-08-18\13-49-58_tick-378085453_before-insert_n007.md
2026-08-18 13:49:58 [tick 378085468] | SAFE SAVE OK | reason=insert | count=8 | backup=C:\Users\alexa\obs\game anal notes\GameDesignCapture\_backups\презентация\pawn spin\2026-08-18\13-49-58_tick-378085453_before-insert_n007.md
2026-08-18 13:49:58 [tick 378085468] | INGEST element added | GameDesignCapture/Games/презентация/assets/msedge_81ZS7DWEik.png
2026-08-18 13:49:58 [tick 378085500] | DONE auto ingest | C:\Users\alexa\obs\game anal notes\GameDesignCapture\_inbox\2026-08\msedge_81ZS7DWEik.png
2026-08-18 14:29:00 [tick 380427484] | NEW inbox image | C:\Users\alexa\obs\game anal notes\GameDesignCapture\_inbox\2026-08\msedge_AjkWvh508E.png
2026-08-18 14:29:01 [tick 380428234] | STABLE size=23362 | C:\Users\alexa\obs\game anal notes\GameDesignCapture\_inbox\2026-08\msedge_AjkWvh508E.png
2026-08-18 14:29:01 [tick 380428234] | INGEST start | game=презентация | note=pawn spin.md | source=C:\Users\alexa\obs\game anal notes\GameDesignCapture\_inbox\2026-08\msedge_AjkWvh508E.png
2026-08-18 14:29:01 [tick 380428250] | INGEST copied size=23362 | dest=C:\Users\alexa\obs\game anal notes\GameDesignCapture\Games\презентация\assets\msedge_AjkWvh508E.png
2026-08-18 14:29:01 [tick 380428250] | BACKUP OK | C:\Users\alexa\obs\game anal notes\GameDesignCapture\_backups\презентация\pawn spin\2026-08-18\14-29-01_tick-380428250_before-insert_n008.md
2026-08-18 14:29:01 [tick 380428265] | SAFE SAVE OK | reason=insert | count=9 | backup=C:\Users\alexa\obs\game anal notes\GameDesignCapture\_backups\презентация\pawn spin\2026-08-18\14-29-01_tick-380428250_before-insert_n008.md
2026-08-18 14:29:01 [tick 380428265] | INGEST element added | GameDesignCapture/Games/презентация/assets/msedge_AjkWvh508E.png
2026-08-18 14:29:01 [tick 380428281] | DONE auto ingest | C:\Users\alexa\obs\game anal notes\GameDesignCapture\_inbox\2026-08\msedge_AjkWvh508E.png
2026-08-18 15:10:54 [tick 382940937] | NEW inbox image | C:\Users\alexa\obs\game anal notes\GameDesignCapture\_inbox\2026-08\Replacement_Package_App_ndYWy7DIyK.png
2026-08-18 15:10:54 [tick 382941687] | STABLE size=61692 | C:\Users\alexa\obs\game anal notes\GameDesignCapture\_inbox\2026-08\Replacement_Package_App_ndYWy7DIyK.png
2026-08-18 15:10:54 [tick 382941687] | INGEST start | game=презентация | note=pawn spin.md | source=C:\Users\alexa\obs\game anal notes\GameDesignCapture\_inbox\2026-08\Replacement_Package_App_ndYWy7DIyK.png
2026-08-18 15:10:54 [tick 382941703] | INGEST copied size=61692 | dest=C:\Users\alexa\obs\game anal notes\GameDesignCapture\Games\презентация\assets\Replacement_Package_App_ndYWy7DIyK.png
2026-08-18 15:10:54 [tick 382941703] | BACKUP OK | C:\Users\alexa\obs\game anal notes\GameDesignCapture\_backups\презентация\pawn spin\2026-08-18\15-10-54_tick-382941703_before-insert_n009.md
2026-08-18 15:10:54 [tick 382941718] | SAFE SAVE OK | reason=insert | count=10 | backup=C:\Users\alexa\obs\game anal notes\GameDesignCapture\_backups\презентация\pawn spin\2026-08-18\15-10-54_tick-382941703_before-insert_n009.md
2026-08-18 15:10:54 [tick 382941718] | INGEST element added | GameDesignCapture/Games/презентация/assets/Replacement_Package_App_ndYWy7DIyK.png
2026-08-18 15:10:54 [tick 382941750] | DONE auto ingest | C:\Users\alexa\obs\game anal notes\GameDesignCapture\_inbox\2026-08\Replacement_Package_App_ndYWy7DIyK.png
2026-08-18 18:24:04 [tick 394531687] | NEW inbox image | C:\Users\alexa\obs\game anal notes\GameDesignCapture\_inbox\2026-08\msedge_tcx4JphNFP.png
2026-08-18 18:24:05 [tick 394532437] | STABLE size=30132 | C:\Users\alexa\obs\game anal notes\GameDesignCapture\_inbox\2026-08\msedge_tcx4JphNFP.png
2026-08-18 18:24:05 [tick 394532437] | INGEST start | game=презентация | note=pawn spin.md | source=C:\Users\alexa\obs\game anal notes\GameDesignCapture\_inbox\2026-08\msedge_tcx4JphNFP.png
2026-08-18 18:24:05 [tick 394532453] | INGEST copied size=30132 | dest=C:\Users\alexa\obs\game anal notes\GameDesignCapture\Games\презентация\assets\msedge_tcx4JphNFP.png
2026-08-18 18:24:05 [tick 394532453] | BACKUP OK | C:\Users\alexa\obs\game anal notes\GameDesignCapture\_backups\презентация\pawn spin\2026-08-18\18-24-05_tick-394532453_before-insert_n010.md
2026-08-18 18:24:05 [tick 394532468] | SAFE SAVE OK | reason=insert | count=11 | backup=C:\Users\alexa\obs\game anal notes\GameDesignCapture\_backups\презентация\pawn spin\2026-08-18\18-24-05_tick-394532453_before-insert_n010.md
2026-08-18 18:24:05 [tick 394532484] | INGEST element added | GameDesignCapture/Games/презентация/assets/msedge_tcx4JphNFP.png
2026-08-18 18:24:05 [tick 394532546] | DONE auto ingest | C:\Users\alexa\obs\game anal notes\GameDesignCapture\_inbox\2026-08\msedge_tcx4JphNFP.png
2026-08-23 21:59:44 [tick 170446921] | MIGRATION Games -> Library OK
2026-08-23 21:59:44 [tick 170446937] | INIT known inbox files=30
2026-08-23 21:59:44 [tick 170446937] | START helper | version=0.5.0 | script=C:\gd-cap\src\gd-cap.ahk | inbox=C:\Users\alexa\obs\game anal notes\GameDesignCapture\_inbox
2026-08-23 22:11:32 [tick 171154484] | INIT known inbox files=30
2026-08-23 22:11:32 [tick 171154484] | START helper | version=0.5.0 | script=C:\gd-cap\src\gd-cap.ahk | inbox=C:\Users\alexa\obs\game anal notes\GameDesignCapture\_inbox
